==============================
13-add_integer test
==============================

** import
>>> add_integer = __import__('13-add_integer').add_integer

** test 1: add two int
>>> add_integer(1, 2)
3

** test 2: add two floats
>>> add_integer(1.0, 2.0)
3

** test 3: a is string
>>> add_integer('a', 2)
Traceback (most recent call last):
  ...
TypeError: a must be an integer

** test 4: b is string
>>> add_integer(1, 'b')
Traceback (most recent call last):
  ...
TypeError: b must be an integer

** test 5: return int
>>> isinstance(add_integer(1.0, 2), int)
True

** test 6: miss one argument
>>> add_integer(3)
Traceback (most recent call last):
  ...
TypeError: add_integer() missing 1 required positional argument: 'b'

** test 7: miss two arguments
>>> add_integer()
Traceback (most recent call last):
  ...
TypeError: add_integer() missing 2 required positional arguments: 'a' and 'b'

** test 8: float overflow
>>> add_integer(float('inf'), 45)
Traceback (most recent call last):
  ...
OverflowError: cannot convert float infinity to integer


** test 9: NaN error
>>> add_integer(float('nan'), 2)
Traceback (most recent call last):
  ...
ValueError: cannot convert float NaN to integer
